../Core/Src/MYLEDBAR.c:13:6:MYLEDBAR_Init	4	static
../Core/Src/MYLEDBAR.c:17:6:MYLEDBAR_DelayN	24	static
../Core/Src/MYLEDBAR.c:23:6:MYLEDBAR_Delay1us	4	static
../Core/Src/MYLEDBAR.c:27:6:MYLEDBAR_DelayNus	16	static
../Core/Src/MYLEDBAR.c:31:6:MYLEDBAR_CLK_write	16	static
../Core/Src/MYLEDBAR.c:35:6:MYLEDBAR_DI_write	16	static
../Core/Src/MYLEDBAR.c:40:6:MYLEDBAR_LatchData	8	static
../Core/Src/MYLEDBAR.c:51:6:MYLEDBAR_Send8bits	24	static
../Core/Src/MYLEDBAR.c:70:6:MYLEDBAR_Send16bits	16	static
../Core/Src/MYLEDBAR.c:75:6:MYLEDBAR_SendLEDs	4	static
../Core/Src/MYLEDBAR.c:79:6:MYLEDBAR_DispLED	16	static
