../Core/Src/MYLEDBAR.c:31:6:MYLEDBAR_DelayN	24	static
../Core/Src/MYLEDBAR.c:37:6:MYLEDBAR_Delay1us	8	static
../Core/Src/MYLEDBAR.c:42:6:MYLEDBAR_DelayNus	16	static
../Core/Src/MYLEDBAR.c:48:6:MYLEDBAR_CLK_write	16	static
../Core/Src/MYLEDBAR.c:53:6:MYLEDBAR_DI_write	16	static
../Core/Src/MYLEDBAR.c:58:6:MYLEDBAR_LatchData	8	static
../Core/Src/MYLEDBAR.c:63:6:MYLEDBAR_Send8bits	24	static
../Core/Src/MYLEDBAR.c:78:6:MYLEDBAR_Send16bits	16	static
../Core/Src/MYLEDBAR.c:85:6:MYLEDBAR_SendLEDs	72	static
../Core/Src/MYLEDBAR.c:92:6:MYLEDBAR_DispLED	16	static
